5e38f8ae-b2b7-40f6-8afa-ddb7e6bef3e9
Case #1: 2
Case #2: 1
Case #3: 3
Case #4: 0